version: 1
creator: callgrind-3.6.0.SVN-Debian
pid: 2992
cmd: ls
part: 1


desc: I1 cache:
desc: D1 cache:
desc: L2 cache:

desc: Timerange: Basic block 0 - 300089
desc: Trigger: Program termination

positions: line
events: Ir
summary: 820

fl=(1) file1.c
fn=(1) main
16 20
cfn=(2) func1
calls=1 50
16 400
cfi=(2) file2.c
cfn=(3) func2
calls=3 20
16 400
17 10
cfi=(2)
cfn=(3)
calls=3 20
16 400

fn=(2)
51 100
cfl=(2)
cfn=(3)
calls=2 20
51 300

fl=(2)
fn=(3)
20 700
