version: 1
creator: callgrind-3.6.0.SVN-Debian
pid: 2992
cmd: ls
part: 1


desc: I1 cache:
desc: D1 cache:
desc: L2 cache:

desc: Timerange: Basic block 0 - 300089
desc: Trigger: Program termination

positions: line
events: Ir
summary: 820

fl=(1) file1.c
fn=(1) main
1 1
fi=(2) file.h
2 1
cfn=(2) Something::Inlined()
calls=1 50
1 400
cfl=(3) file3.h
cfn=(3) func1
calls=1 50
1 400
fe=(1)
1 2

fl=(2)
fn=(2)
20 400

fl=(3)
fn=(3)
20 400
