version: 1
creator: callgrind-3.6.0.SVN-Debian
pid: 2992
cmd: ls
part: 1


desc: I1 cache:
desc: D1 cache:
desc: L2 cache:

desc: Timerange: Basic block 0 - 300089
desc: Trigger: Program termination

positions: line
events: Ir
summary: 1434186


ob=(1) /my/object
fl=(1) /my/file.cpp
fn=(1) myFunction
1 1
+2 1
* 3
-2 1
5 4
fi=(3) /my/file3.h
1 5
fe=(1)
7 5

fn=(2) myFunction2
1 1

fl=(2) /my/file2.cpp
fn=(4) myFunction4
1 1

ob=(2) /my/object2
fl=(1)
fn=(3) myFunction3
1 1
